../Core/Src/main.c:76:9:flag_compare_card	24	static
../Core/Src/main.c:92:9:flag_compare_pin	24	static
../Core/Src/main.c:107:6:buzzer_on	8	static
../Core/Src/main.c:114:6:buzzer_err	8	static
../Core/Src/main.c:129:6:reset_lcd	8	static
../Core/Src/main.c:138:6:open_door	8	static
../Core/Src/main.c:160:6:close_door	8	static
../Core/Src/main.c:177:6:card_pin_error	8	static
../Core/Src/main.c:190:6:HAL_UART_RxCpltCallback	16	static
../Core/Src/main.c:251:5:main	8	static
../Core/Src/main.c:305:6:SystemClock_Config	128	static
../Core/Src/main.c:354:13:MX_I2C1_Init	8	static
../Core/Src/main.c:402:13:MX_TIM2_Init	40	static
../Core/Src/main.c:447:13:MX_TIM3_Init	64	static
../Core/Src/main.c:506:13:MX_USART1_UART_Init	8	static
../Core/Src/main.c:541:13:MX_GPIO_Init	56	static
../Core/Src/main.c:621:6:Error_Handler	4	static,ignoring_inline_asm
